// Jest Snapshot v1, https://goo.gl/fbAQLP

exports[`Options useRelativePath options.context 1`] = `"module.exports = __webpack_public_path__ + \\"./9c87cbf3ba33126ffd25ae7f2f6bbafb.png\\";"`;

exports[`Options useRelativePath this.options.context 1`] = `"module.exports = __webpack_public_path__ + \\"./9c87cbf3ba33126ffd25ae7f2f6bbafb.png\\";"`;
